// Vitest Snapshot v1, https://vitest.dev/guide/snapshot.html

exports[`CustomHeader > Should render component properly 1`] = `
<div>
  <section
    class="absolute top-50 left-0 flex flex-row justify-center items-center w-full"
  >
    <div
      class="flex flex-col justify-center items-center rounded-lg p-20"
    >
      <div
        class="w-16 h-16 border-dashed border-4 border-t-4 border-primary-600 rounded-full animate-ping"
      />
      <p
        class="mt-10 text-primary-600 animate-pulse text-lg"
      >
        Loading...
      </p>
    </div>
  </section>
</div>
`;
